// Jest Snapshot v1, https://goo.gl/fbAQLP

exports[`ButtonBorder renders correctly without props 1`] = `
<Fragment>
  <Button
    className="button__border"
    disabled={false}
    type="button"
    value="publish"
  />
</Fragment>
`;
