// Jest Snapshot v1, https://goo.gl/fbAQLP

exports[`InputFieldHalfed renders correctly without props 1`] = `
<Fragment>
  <InputField
    checkboxText=""
    checked={false}
    className="input-field__halfed"
    disabled={false}
    errorText=""
    eventHandler={[Function]}
    imgInputRef={null}
    imgPreviewDimensions="40x40"
    imgPreviewUrl=""
    imgRequirements=""
    imgVerifier={[Function]}
    name="field"
    pattern=".*"
    placeholder="Please enter value"
    readOnly={false}
    required={false}
    selectEntries={Array []}
    symbolLimit={100}
    title="title"
    type="text"
    value=""
  />
</Fragment>
`;
