// Jest Snapshot v1, https://goo.gl/fbAQLP

exports[`InputFieldDescriptionMiddle renders correctly without props 1`] = `
<Fragment>
  <InputField
    checkboxText=""
    checked={false}
    className="input-field__description-middle"
    copyOnClick={false}
    disabled={false}
    errorText=""
    eventHandler={[Function]}
    imgInputRef={null}
    imgPreviewDimensions="40x40"
    imgPreviewUrl=""
    imgRequirements=""
    imgVerifier={[Function]}
    max=""
    min=""
    name="field"
    pattern=".*"
    placeholder="Please enter value"
    readOnly={false}
    recommended={false}
    required={false}
    selectEntries={Array []}
    step=""
    symbolLimit={100}
    title="title"
    type="textarea"
    value=""
  />
</Fragment>
`;
