// Jest Snapshot v1, https://goo.gl/fbAQLP

exports[`MessageError renders correctly without props 1`] = `
<Fragment>
  <Message
    className="message__error"
    severity="error"
    text="error text"
  />
</Fragment>
`;
