// Jest Snapshot v1, https://goo.gl/fbAQLP

exports[`Footer renders correctly without props 1`] = `
<Fragment>
  <div
    className="footer"
  >
    <div
      className="footer--logo"
    >
      White Logo Placeholder
    </div>
    <div
      className="footer--content"
    >
      <div
        className="footer--content--text"
      >
        CoMakery accelerates blockchain protocol adoption with scalable teams of talented makers. We build communities of high-level, distributed engineers, designers, and community managers, and match them with unique blockchain projects.
      </div>
      <div
        className="footer--content--nav"
      >
        <div
          className="footer--content--nav--about"
        >
          <div
            className="footer--content--nav--about--header"
          >
            About CoMakery
          </div>
          <a
            href="/"
          >
            Home
          </a>
          <a
            href="mailto:support@comakery.com"
          >
            Contact Us
          </a>
        </div>
        <div
          className="footer--content--nav--join"
        >
          <div
            className="footer--content--nav--join--header"
          >
            Join
          </div>
          <a
            href="/accounts/new"
          >
            Contributors
          </a>
          <a
            href="/accounts/new"
          >
            Foundations
          </a>
        </div>
        <div
          className="footer--content--nav--legal"
        >
          <div
            className="footer--content--nav--legal--header"
          >
            Legal
          </div>
          <a
            href="/user-agreement"
          >
            User Agreement
          </a>
          <a
            href="/prohibited-use"
          >
            Prohibited Use
          </a>
          <a
            href="/e-sign-disclosure"
          >
            E-Sign Disclosure
          </a>
          <a
            href="/privacy-policy"
          >
            Privacy Policy
          </a>
        </div>
      </div>
    </div>
    <div
      className="footer--copyright"
    >
      Â© 
      2018
       CoMakery, Inc. All rights reserved.
    </div>
  </div>
</Fragment>
`;
