// Jest Snapshot v1, https://goo.gl/fbAQLP

exports[`Header renders correctly without props 1`] = `
<Fragment>
  <div
    className="header"
  >
    <div
      className="header--logo"
    >
      <Icon
        className=""
        name="Logo-Header.svg"
        width="200px"
      />
    </div>
    <div
      className="header--nav"
    >
      <div
        className="header--nav--links"
      >
        <a
          className="header--nav--links--current"
          href="/"
        >
          Home
        </a>
        <a
          className={null}
          href="/projects/mine"
        >
          My Projects
        </a>
        <a
          href="/"
          style={
            Object {
              "display": "none",
            }
          }
        >
          My Tasks
        </a>
        <a
          className={null}
          href="/account"
        >
          My Account
        </a>
        <a
          className="header--nav--links--sign"
          data-method="delete"
          href="/session"
          rel="nofollow"
        >
          Sign out
        </a>
      </div>
    </div>
  </div>
  <div
    className="header-mobile"
  >
    <Icon
      className=""
      name="Logo-Header.svg"
      width="162px"
    />
    <div
      className="header-mobile__menu-icon"
      onClick={[Function]}
    >
      <span
        className=""
      />
    </div>
  </div>
</Fragment>
`;
