// Jest Snapshot v1, https://goo.gl/fbAQLP

exports[`BatchForm renders correctly without props 1`] = `
<BatchForm
  batch={
    Object {
      "default": "_",
    }
  }
  csrfToken="00"
  formAction="POST"
  formUrl="/"
  projectId={0}
  specialties={
    Object {
      "default": "_",
    }
  }
  urlOnSuccess="/"
>
  <Layout
    category=""
    className="batch-form"
    hasBackButton={true}
    navTitle={null}
    sidebar={null}
    subfooter={
      <React.Fragment>
        <Button
          className=""
          disabled={false}
          form="batch-form--form"
          onClick={[Function]}
          type="submit"
          value="create & close"
        />
        <ButtonBorder
          className=""
          form="batch-form--form"
          onClick={[Function]}
          type="submit"
          value="create"
        />
        <ButtonBorder
          className=""
          onClick={[Function]}
          value="cancel"
        />
      </React.Fragment>
    }
    title="Create a New Batch"
  >
    <div
      className="layout batch-form"
    >
      <div
        className="layout--back-button"
      >
        <Icon
          className=""
          name="iconCloseCopy.svg"
          onClick={[Function]}
        >
          <img
            className="icon icon__iconCloseCopy-svg"
            onClick={[Function]}
            src="test-file-stub"
          />
        </Icon>
      </div>
      <div
        className="layout--content"
      >
        <div
          className="layout--content--title"
        >
          Create a New Batch
        </div>
        <hr
          className="layout--content--hr"
        />
        <div
          className="layout--content--wrapper"
        >
          <div
            className="layout--content--content"
          >
            <Flash
              className=""
              messages={Array []}
            >
              <div
                className="flash-message-container"
              />
            </Flash>
            <form
              className="batch-form--form"
              id="batch-form--form"
              onSubmit={[Function]}
            >
              <InputFieldDropdown
                eventHandler={[Function]}
                name="batch[specialty_id]"
                required={true}
                selectEntries={
                  Array [
                    Array [
                      "default",
                      "_",
                    ],
                  ]
                }
                symbolLimit={0}
                title="specialty"
                value="_"
              >
                <InputField
                  checkboxText=""
                  checked={false}
                  className="input-field__dropdown"
                  copyOnClick={false}
                  disabled={false}
                  errorText=""
                  eventHandler={[Function]}
                  imgInputRef={null}
                  imgPreviewDimensions="40x40"
                  imgPreviewUrl=""
                  imgRequirements=""
                  imgVerifier={[Function]}
                  max=""
                  min=""
                  name="batch[specialty_id]"
                  pattern=".*"
                  placeholder="Please enter value"
                  readOnly={false}
                  recommended={false}
                  required={true}
                  selectEntries={
                    Array [
                      Array [
                        "default",
                        "_",
                      ],
                    ]
                  }
                  step=""
                  symbolLimit={0}
                  title="specialty"
                  type="select"
                  value="_"
                >
                  <div
                    className="input-field input-field__dropdown"
                  >
                    <div
                      className="input-field--title"
                    >
                      <span
                        className="input-field--title--title"
                      >
                        specialty
                      </span>
                      <span
                        className="input-field--title--required"
                      >
                        required
                      </span>
                    </div>
                    <div
                      className="input-field--content"
                    >
                      <select
                        className="input-field--content__select"
                        disabled={false}
                        name="batch[specialty_id]"
                        onChange={[Function]}
                        required={true}
                        value="_"
                      >
                        <option
                          key="_"
                          value="_"
                        >
                          default
                        </option>
                      </select>
                    </div>
                  </div>
                </InputField>
              </InputFieldDropdown>
              <InputFieldWhiteDark
                eventHandler={[Function]}
                name="batch[name]"
                placeholder="Provide a clear title for the batch"
                required={true}
                symbolLimit={100}
                title="name"
                value=""
              >
                <InputField
                  checkboxText=""
                  checked={false}
                  className="input-field__white__dark"
                  copyOnClick={false}
                  disabled={false}
                  errorText=""
                  eventHandler={[Function]}
                  imgInputRef={null}
                  imgPreviewDimensions="40x40"
                  imgPreviewUrl=""
                  imgRequirements=""
                  imgVerifier={[Function]}
                  max=""
                  min=""
                  name="batch[name]"
                  pattern=".*"
                  placeholder="Provide a clear title for the batch"
                  readOnly={false}
                  recommended={false}
                  required={true}
                  selectEntries={Array []}
                  step=""
                  symbolLimit={100}
                  title="name"
                  type="text"
                  value=""
                >
                  <div
                    className="input-field input-field__white__dark"
                  >
                    <div
                      className="input-field--title"
                    >
                      <span
                        className="input-field--title--title"
                      >
                        name
                      </span>
                      <span
                        className="input-field--title--required"
                      >
                        required
                      </span>
                      <span
                        className="input-field--title--counter"
                      >
                        0
                        /
                        100
                      </span>
                    </div>
                    <div
                      className="input-field--content"
                    >
                      <input
                        className="input-field--content__text"
                        name="batch[name]"
                        onChange={[Function]}
                        onClick={null}
                        pattern=".*"
                        placeholder="Provide a clear title for the batch"
                        readOnly={false}
                        required={true}
                        type="text"
                        value=""
                      />
                    </div>
                  </div>
                </InputField>
              </InputFieldWhiteDark>
              <InputFieldDescriptionMiddle
                eventHandler={[Function]}
                name="batch[goal]"
                placeholder="Let people know what will be the result of this batch being completed (ex: When this batch is finished, the xxxx will now do yyyy)"
                required={true}
                symbolLimit={250}
                title="the goal of the batch"
                value=""
              >
                <InputField
                  checkboxText=""
                  checked={false}
                  className="input-field__description-middle"
                  copyOnClick={false}
                  disabled={false}
                  errorText=""
                  eventHandler={[Function]}
                  imgInputRef={null}
                  imgPreviewDimensions="40x40"
                  imgPreviewUrl=""
                  imgRequirements=""
                  imgVerifier={[Function]}
                  max=""
                  min=""
                  name="batch[goal]"
                  pattern=".*"
                  placeholder="Let people know what will be the result of this batch being completed (ex: When this batch is finished, the xxxx will now do yyyy)"
                  readOnly={false}
                  recommended={false}
                  required={true}
                  selectEntries={Array []}
                  step=""
                  symbolLimit={250}
                  title="the goal of the batch"
                  type="textarea"
                  value=""
                >
                  <div
                    className="input-field input-field__description-middle"
                  >
                    <div
                      className="input-field--title"
                    >
                      <span
                        className="input-field--title--title"
                      >
                        the goal of the batch
                      </span>
                      <span
                        className="input-field--title--required"
                      >
                        required
                      </span>
                      <span
                        className="input-field--title--counter"
                      >
                        0
                        /
                        250
                      </span>
                    </div>
                    <div
                      className="input-field--content"
                    >
                      <textarea
                        className="input-field--content__text"
                        name="batch[goal]"
                        onChange={[Function]}
                        pattern=".*"
                        placeholder="Let people know what will be the result of this batch being completed (ex: When this batch is finished, the xxxx will now do yyyy)"
                        readOnly={false}
                        required={true}
                        value=""
                      />
                    </div>
                  </div>
                </InputField>
              </InputFieldDescriptionMiddle>
              <InputFieldDescription
                eventHandler={[Function]}
                name="batch[description]"
                placeholder="Provide a longer description about the batch focus, the type of work involved, and how it will relate to the larger project"
                required={true}
                symbolLimit={750}
                title="description"
                value=""
              >
                <InputField
                  checkboxText=""
                  checked={false}
                  className="input-field__description"
                  copyOnClick={false}
                  disabled={false}
                  errorText=""
                  eventHandler={[Function]}
                  imgInputRef={null}
                  imgPreviewDimensions="40x40"
                  imgPreviewUrl=""
                  imgRequirements=""
                  imgVerifier={[Function]}
                  max=""
                  min=""
                  name="batch[description]"
                  pattern=".*"
                  placeholder="Provide a longer description about the batch focus, the type of work involved, and how it will relate to the larger project"
                  readOnly={false}
                  recommended={false}
                  required={true}
                  selectEntries={Array []}
                  step=""
                  symbolLimit={750}
                  title="description"
                  type="textarea"
                  value=""
                >
                  <div
                    className="input-field input-field__description"
                  >
                    <div
                      className="input-field--title"
                    >
                      <span
                        className="input-field--title--title"
                      >
                        description
                      </span>
                      <span
                        className="input-field--title--required"
                      >
                        required
                      </span>
                      <span
                        className="input-field--title--counter"
                      >
                        0
                        /
                        750
                      </span>
                    </div>
                    <div
                      className="input-field--content"
                    >
                      <textarea
                        className="input-field--content__text"
                        name="batch[description]"
                        onChange={[Function]}
                        pattern=".*"
                        placeholder="Provide a longer description about the batch focus, the type of work involved, and how it will relate to the larger project"
                        readOnly={false}
                        required={true}
                        value=""
                      />
                    </div>
                  </div>
                </InputField>
              </InputFieldDescription>
              <InputFieldUploadFile
                imgPreviewDimensions="100x100"
                name="batch[diagram]"
                title="diagram or screenshot"
              >
                <InputField
                  checkboxText=""
                  checked={false}
                  className="input-field__upload-file"
                  copyOnClick={false}
                  disabled={false}
                  errorText=""
                  eventHandler={[Function]}
                  imgInputRef={null}
                  imgPreviewDimensions="100x100"
                  imgPreviewUrl=""
                  imgRequirements=""
                  imgVerifier={[Function]}
                  max=""
                  min=""
                  name="batch[diagram]"
                  pattern=".*"
                  placeholder="Please enter value"
                  readOnly={false}
                  recommended={false}
                  required={false}
                  selectEntries={Array []}
                  step=""
                  symbolLimit={0}
                  title="diagram or screenshot"
                  type="file"
                  value=""
                >
                  <div
                    className="input-field input-field__upload-file"
                  >
                    <div
                      className="input-field--title"
                    >
                      <span
                        className="input-field--title--title"
                      >
                        diagram or screenshot
                      </span>
                      <span
                        className="input-field--title--required"
                      >
                        optional
                      </span>
                    </div>
                    <div
                      className="input-field--content"
                    >
                      <input
                        accept="image/*"
                        className="input-field--content__file"
                        name="batch[diagram]"
                        onChange={[Function]}
                        required={false}
                        type="file"
                      />
                      <span
                        className="input-field--content__file--requirements"
                      />
                    </div>
                  </div>
                </InputField>
              </InputFieldUploadFile>
              <input
                name="authenticity_token"
                readOnly={true}
                type="hidden"
                value="00"
              />
            </form>
          </div>
        </div>
      </div>
      <div
        className="layout--subfooter"
      >
        <div
          className="layout--subfooter--buttons"
        >
          <Button
            className=""
            disabled={false}
            form="batch-form--form"
            onClick={[Function]}
            type="submit"
            value="create & close"
          >
            <input
              className="button"
              disabled={false}
              form="batch-form--form"
              onClick={[Function]}
              type="submit"
              value="create & close"
            />
          </Button>
          <ButtonBorder
            className=""
            form="batch-form--form"
            onClick={[Function]}
            type="submit"
            value="create"
          >
            <Button
              className="button__border"
              disabled={false}
              form="batch-form--form"
              onClick={[Function]}
              type="submit"
              value="create"
            >
              <input
                className="button button__border"
                disabled={false}
                form="batch-form--form"
                onClick={[Function]}
                type="submit"
                value="create"
              />
            </Button>
          </ButtonBorder>
          <ButtonBorder
            className=""
            onClick={[Function]}
            value="cancel"
          >
            <Button
              className="button__border"
              disabled={false}
              onClick={[Function]}
              type="button"
              value="cancel"
            >
              <input
                className="button button__border"
                disabled={false}
                onClick={[Function]}
                type="button"
                value="cancel"
              />
            </Button>
          </ButtonBorder>
        </div>
      </div>
    </div>
  </Layout>
</BatchForm>
`;
