// Jest Snapshot v1, https://goo.gl/fbAQLP

exports[`ContentBlock renders component correctly 1`] = `
<ContentBlock
  title=""
>
  <styled.div>
    <StyledComponent
      forwardedComponent={
        Object {
          "$$typeof": Symbol(react.forward_ref),
          "attrs": Array [],
          "componentStyle": ComponentStyle {
            "componentId": "sc-bdVaJa",
            "isStatic": true,
            "lastClassName": "hqxcBJ",
            "rules": Array [
              "
  margin-bottom: 25px;
",
            ],
          },
          "displayName": "styled.div",
          "foldedComponentIds": Array [],
          "render": [Function],
          "styledComponentId": "sc-bdVaJa",
          "target": "div",
          "toString": [Function],
          "warnTooManyClasses": [Function],
          "withComponent": [Function],
        }
      }
      forwardedRef={null}
    >
      <div
        className="sc-bdVaJa hqxcBJ"
      >
        <styled.div>
          <StyledComponent
            forwardedComponent={
              Object {
                "$$typeof": Symbol(react.forward_ref),
                "attrs": Array [],
                "componentStyle": ComponentStyle {
                  "componentId": "sc-bwzfXH",
                  "isStatic": true,
                  "lastClassName": "kFENjx",
                  "rules": Array [
                    "
  font-family: Montserrat;
  font-size: 12px;
  font-weight: bold;
  font-style: normal;
  font-stretch: normal;
  line-height: normal;
  letter-spacing: normal;
  color: #3a3a3a;
  text-transform: uppercase;
  margin-bottom: 5px;
",
                  ],
                },
                "displayName": "styled.div",
                "foldedComponentIds": Array [],
                "render": [Function],
                "styledComponentId": "sc-bwzfXH",
                "target": "div",
                "toString": [Function],
                "warnTooManyClasses": [Function],
                "withComponent": [Function],
              }
            }
            forwardedRef={null}
          >
            <div
              className="sc-bwzfXH kFENjx"
            />
          </StyledComponent>
        </styled.div>
        <styled.div>
          <StyledComponent
            forwardedComponent={
              Object {
                "$$typeof": Symbol(react.forward_ref),
                "attrs": Array [],
                "componentStyle": ComponentStyle {
                  "componentId": "sc-htpNat",
                  "isStatic": true,
                  "lastClassName": "bNkIaI",
                  "rules": Array [
                    "
  font-family: Georgia;
  font-size: 14px;
  font-weight: normal;
  font-style: normal;
  font-stretch: normal;
  line-height: normal;
  letter-spacing: normal;
  color: #4a4a4a;
",
                  ],
                },
                "displayName": "styled.div",
                "foldedComponentIds": Array [],
                "render": [Function],
                "styledComponentId": "sc-htpNat",
                "target": "div",
                "toString": [Function],
                "warnTooManyClasses": [Function],
                "withComponent": [Function],
              }
            }
            forwardedRef={null}
          >
            <div
              className="sc-htpNat bNkIaI"
            />
          </StyledComponent>
        </styled.div>
      </div>
    </StyledComponent>
  </styled.div>
</ContentBlock>
`;
