// Jest Snapshot v1, https://goo.gl/fbAQLP

exports[`FeaturedMissions renders correctly without props 1`] = `
<FeaturedMissions
  csrfToken="00"
  isConfirmed={false}
  moreMissions={Array []}
  topMissions={Array []}
>
  <div
    className="featured-missions"
  >
    <div
      className="confirm-message"
    >
      <div
        className="confirm-message__box"
      >
        <img
          className="confirm-message__icon"
          src="test-file-stub"
        />
        Please confirm your email address to continue
      </div>
    </div>
    <div
      className="featured-missions__header"
    >
      <div
        className="intercom"
      >
        <img
          src="test-file-stub"
        />
      </div>
      <div
        className="featured-missions__header_container"
      >
        <img
          className="featured-missions__header__img"
          src="test-file-stub"
        />
        <div
          className="featured-missions__header__description"
        >
          <img
            className="featured-missions__header__logo"
            src="test-file-stub"
          />
          <div
            className="featured-missions__header__title"
          >
            Find Your Mission.
            <br />
            Prepare For Liftoff.
          </div>
          <div
            className="featured-missions__header__subtitle"
          >
            Accelerating Blockchain Adoption
          </div>
        </div>
      </div>
    </div>
    <div
      className="featured-missions__content"
    >
      <p
        className="featured-missions__content__title"
      >
        Featured
        <br />
        <span
          className="featured-missions__content__title--big"
        >
          missions
        </span>
      </p>
      <p
        className="featured-missions__content__description"
      >
        CoMakery Hosts Blockchain Missions We Believe In
      </p>
    </div>
    <div
      className="featured-missions__more"
    >
      <div
        className="featured-missions__more_container"
      >
        <p
          className="featured-missions__more__description"
        >
          Discover Missions With Cutting Edge Projects
        </p>
        <Slider
          className="featured-missions__gallery"
          lazyLoad={true}
          responsive={
            Array [
              Object {
                "breakpoint": 1440,
                "settings": Object {
                  "slidesToShow": 0,
                },
              },
              Object {
                "breakpoint": 800,
                "settings": Object {
                  "slidesToShow": 0,
                },
              },
              Object {
                "breakpoint": 650,
                "settings": Object {
                  "slidesToShow": 1,
                },
              },
            ]
          }
          slidesToScroll={1}
          slidesToShow={0}
        >
          <InnerSlider
            accessibility={true}
            adaptiveHeight={false}
            afterChange={null}
            appendDots={[Function]}
            arrows={true}
            autoplay={false}
            autoplaySpeed={3000}
            beforeChange={null}
            centerMode={false}
            centerPadding="50px"
            className="featured-missions__gallery"
            cssEase="ease"
            customPaging={[Function]}
            dots={false}
            dotsClass="slick-dots"
            draggable={true}
            easing="linear"
            edgeFriction={0.35}
            fade={false}
            focusOnSelect={false}
            infinite={true}
            initialSlide={0}
            lazyLoad={true}
            nextArrow={null}
            onEdge={null}
            onInit={null}
            onLazyLoadError={null}
            onReInit={null}
            pauseOnDotsHover={false}
            pauseOnFocus={false}
            pauseOnHover={true}
            prevArrow={null}
            responsive={
              Array [
                Object {
                  "breakpoint": 1440,
                  "settings": Object {
                    "slidesToShow": 0,
                  },
                },
                Object {
                  "breakpoint": 800,
                  "settings": Object {
                    "slidesToShow": 0,
                  },
                },
                Object {
                  "breakpoint": 650,
                  "settings": Object {
                    "slidesToShow": 1,
                  },
                },
              ]
            }
            rows={1}
            rtl={false}
            slide="div"
            slidesPerRow={1}
            slidesToScroll={1}
            slidesToShow={0}
            speed={500}
            swipe={true}
            swipeEvent={null}
            swipeToSlide={false}
            touchMove={true}
            touchThreshold={5}
            unslick={true}
            useCSS={true}
            useTransform={true}
            variableWidth={false}
            vertical={false}
            waitForAnimate={true}
          >
            <div
              className="slick-slider featured-missions__gallery slick-initialized"
            >
              <div
                className="slick-list"
              >
                <Track
                  centerMode={false}
                  centerPadding="50px"
                  cssEase="ease"
                  currentSlide={0}
                  fade={false}
                  focusOnSelect={null}
                  infinite={true}
                  lazyLoad={true}
                  lazyLoadedList={Array []}
                  listHeight={0}
                  onMouseEnter={[Function]}
                  onMouseLeave={[Function]}
                  onMouseOver={[Function]}
                  rtl={false}
                  slideCount={0}
                  slideHeight={0}
                  slideWidth={NaN}
                  slidesToScroll={1}
                  slidesToShow={0}
                  speed={500}
                  trackStyle={
                    Object {
                      "WebkitTransform": "translate3d(0px, 0px, 0px)",
                      "WebkitTransition": "",
                      "msTransform": "translateX(0px)",
                      "opacity": 1,
                      "transform": "translate3d(0px, 0px, 0px)",
                      "transition": "",
                    }
                  }
                  unslick={true}
                  variableWidth={false}
                  vertical={false}
                >
                  <div
                    className="slick-track"
                    onMouseEnter={[Function]}
                    onMouseLeave={[Function]}
                    onMouseOver={[Function]}
                    style={
                      Object {
                        "WebkitTransform": "translate3d(0px, 0px, 0px)",
                        "WebkitTransition": "",
                        "msTransform": "translateX(0px)",
                        "opacity": 1,
                        "transform": "translate3d(0px, 0px, 0px)",
                        "transition": "",
                      }
                    }
                  />
                </Track>
              </div>
            </div>
          </InnerSlider>
        </Slider>
      </div>
    </div>
    <div
      className="featured-missions__footer"
    >
      <div
        className="featured-missions__footer_container"
      >
        <div
          className="featured-missions__footer__stat"
        >
          <div
            className="featured-missions__footer__stat__num"
          >
            1000+
          </div>
          <div
            className="featured-missions__footer__stat__name"
          >
            Contributors
          </div>
        </div>
        <img
          className="hide-on-mobile"
          src="test-file-stub"
        />
        <div
          className="featured-missions__footer__stat"
        >
          <div
            className="featured-missions__footer__stat__num"
          >
            500+
          </div>
          <div
            className="featured-missions__footer__stat__name"
          >
            PROJECTS
          </div>
        </div>
        <img
          className="hide-on-mobile"
          src="test-file-stub"
        />
        <div
          className="featured-missions__footer__stat"
        >
          <div
            className="featured-missions__footer__stat__num"
          >
            1,000,000+
          </div>
          <div
            className="featured-missions__footer__stat__name"
          >
            TOKENS AWARDED
          </div>
        </div>
        <div
          className="featured-missions__footer__mobile"
        >
          <img
            src="test-file-stub"
          />
          <img
            src="test-file-stub"
            style={
              Object {
                "marginLeft": -30,
              }
            }
          />
        </div>
      </div>
    </div>
  </div>
</FeaturedMissions>
`;
