// Jest Snapshot v1, https://goo.gl/fbAQLP

exports[`MissionIndex renders correctly without props 1`] = `
<MissionIndex
  csrfToken="00"
  missions={Array []}
>
  <Layout
    category="Missions > "
    className="mission-index"
    customTitle={null}
    hasBackButton={false}
    sidebar={
      <React.Fragment>
        <div
          className="mission-index--sidebar"
        >
          <SidebarItemBold
            className="mission-index--sidebar--item__bold"
            iconLeftName="MISSION/WHITE.svg"
            iconRightName="PLUS.svg"
            onClick={[Function]}
            text="Create a Mission"
          />
        </div>
      </React.Fragment>
    }
    subfooter={null}
    title="Configure mission’s landing page"
  >
    <div
      className="layout mission-index"
    >
      <div
        className="layout--content"
      >
        <div
          className="layout--content--title"
        >
          Configure mission’s landing page
          <span
            className="layout--content--title--category"
          >
            Missions &gt; 
          </span>
        </div>
        <hr
          className="layout--content--hr"
        />
        <div
          className="layout--content--wrapper"
        >
          <div
            className="layout--content--sidebar"
          >
            <div
              className="mission-index--sidebar"
            >
              <SidebarItemBold
                className="mission-index--sidebar--item__bold"
                iconLeftName="MISSION/WHITE.svg"
                iconRightName="PLUS.svg"
                onClick={[Function]}
                text="Create a Mission"
              >
                <SidebarItem
                  className="sidebar-item__bold mission-index--sidebar--item__bold"
                  iconLeftName="MISSION/WHITE.svg"
                  iconLeftUrl=""
                  iconRightName="PLUS.svg"
                  onClick={[Function]}
                  selected={false}
                  text="Create a Mission"
                >
                  <div
                    className="sidebar-item--wrapper"
                    onClick={[Function]}
                  >
                    <div
                      className="sidebar-item sidebar-item__bold mission-index--sidebar--item__bold"
                    >
                      <span
                        className="sidebar-item--icon-left"
                      >
                        <Icon
                          className=""
                          name="MISSION/WHITE.svg"
                        >
                          <img
                            className="icon icon__MISSION/WHITE-svg"
                            src="test-file-stub"
                          />
                        </Icon>
                      </span>
                      <span
                        className="sidebar-item--text"
                      >
                        Create a Mission
                      </span>
                      <span
                        className="sidebar-item--icon-right"
                      >
                        <Icon
                          className=""
                          name="PLUS.svg"
                        >
                          <img
                            className="icon icon__PLUS-svg"
                            src="test-file-stub"
                          />
                        </Icon>
                      </span>
                      <div
                        className="sidebar-item--left-border"
                      />
                    </div>
                  </div>
                </SidebarItem>
              </SidebarItemBold>
            </div>
          </div>
          <div
            className="layout--content--content__sidebared"
          />
        </div>
      </div>
    </div>
  </Layout>
</MissionIndex>
`;
