// Jest Snapshot v1, https://goo.gl/fbAQLP

exports[`ProjectForm renders correctly without props 1`] = `<ProjectForm />`;
