// Jest Snapshot v1, https://goo.gl/fbAQLP

exports[`TokenIndex renders correctly without props 1`] = `
<TokenIndex
  paginationHtml=""
  tokens={Array []}
>
  <Layout
    category=""
    className="token-index"
    customTitle={null}
    hasBackButton={false}
    sidebar={
      <React.Fragment>
        <div
          className="token-index--sidebar"
        >
          <a
            href="/tokens/new"
          >
            <SidebarItemBold
              className="token-index--sidebar--item__bold"
              iconLeftName="MARK-WHITE.svg"
              iconRightName="PLUS.svg"
              text="Create a Token"
            />
          </a>
          <ForwardRef(styled.div)
            dangerouslySetInnerHTML={
              Object {
                "__html": "",
              }
            }
          />
        </div>
      </React.Fragment>
    }
    subfooter={null}
    title="Tokens"
  >
    <div
      className="layout token-index"
    >
      <div
        className="layout--content"
      >
        <div
          className="layout--content--title"
        >
          Tokens
        </div>
        <div
          className="layout--content--wrapper"
        >
          <div
            className="layout--content--sidebar"
          >
            <div
              className="token-index--sidebar"
            >
              <a
                href="/tokens/new"
              >
                <SidebarItemBold
                  className="token-index--sidebar--item__bold"
                  iconLeftName="MARK-WHITE.svg"
                  iconRightName="PLUS.svg"
                  text="Create a Token"
                >
                  <SidebarItem
                    className="sidebar-item__bold token-index--sidebar--item__bold"
                    iconLeftName="MARK-WHITE.svg"
                    iconLeftUrl=""
                    iconRightName="PLUS.svg"
                    notificationColor=""
                    selected={false}
                    text="Create a Token"
                  >
                    <div
                      className="sidebar-item--wrapper"
                    >
                      <div
                        className="sidebar-item sidebar-item__bold token-index--sidebar--item__bold"
                      >
                        <span
                          className="sidebar-item--icon-left"
                        >
                          <Icon
                            className=""
                            name="MARK-WHITE.svg"
                          >
                            <img
                              className="icon-legacy icon__MARK-WHITE-svg"
                              src="test-file-stub"
                            />
                          </Icon>
                        </span>
                        <div
                          className="sidebar-item--content"
                        >
                          <div
                            className="sidebar-item--text"
                          >
                            Create a Token
                          </div>
                          <div
                            className="sidebar-item--subchild"
                          />
                        </div>
                        <span
                          className="sidebar-item--icon-right"
                        >
                          <Icon
                            className=""
                            name="PLUS.svg"
                          >
                            <img
                              className="icon-legacy icon__PLUS-svg"
                              src="test-file-stub"
                            />
                          </Icon>
                        </span>
                        <div
                          className="sidebar-item--left-border"
                        />
                        <div
                          className="sidebar-item--right-border sidebar-item--right-border__"
                        />
                      </div>
                    </div>
                  </SidebarItem>
                </SidebarItemBold>
              </a>
              <styled.div
                dangerouslySetInnerHTML={
                  Object {
                    "__html": "",
                  }
                }
              >
                <StyledComponent
                  dangerouslySetInnerHTML={
                    Object {
                      "__html": "",
                    }
                  }
                  forwardedComponent={
                    Object {
                      "$$typeof": Symbol(react.forward_ref),
                      "attrs": Array [],
                      "componentStyle": ComponentStyle {
                        "componentId": "sc-bdVaJa",
                        "isStatic": false,
                        "lastClassName": "eDrlXv",
                        "rules": Array [
                          "
  text-align: right;
  width: 100%;
  padding: 15px 0;
",
                        ],
                      },
                      "foldedComponentIds": Array [],
                      "render": [Function],
                      "styledComponentId": "sc-bdVaJa",
                      "target": "div",
                      "toString": [Function],
                      "warnTooManyClasses": [Function],
                      "withComponent": [Function],
                    }
                  }
                  forwardedRef={null}
                >
                  <div
                    className="sc-bdVaJa eDrlXv"
                    dangerouslySetInnerHTML={
                      Object {
                        "__html": "",
                      }
                    }
                  />
                </StyledComponent>
              </styled.div>
            </div>
          </div>
          <div
            className="layout--content--content__sidebared animated fadeIn faster"
          />
        </div>
      </div>
    </div>
  </Layout>
</TokenIndex>
`;
