// Jest Snapshot v1, https://goo.gl/fbAQLP

exports[`Userpics renders component correctly 1`] = `
<Userpics
  limit={3}
  pics={Array []}
>
  <styled.div>
    <StyledComponent
      forwardedComponent={
        Object {
          "$$typeof": Symbol(react.forward_ref),
          "attrs": Array [],
          "componentStyle": ComponentStyle {
            "componentId": "sc-bdVaJa",
            "isStatic": false,
            "lastClassName": "jixqaJ",
            "rules": Array [
              "
  display: flex;
  flex-direction: row;
  align-items: center;
",
            ],
          },
          "foldedComponentIds": Array [],
          "render": [Function],
          "styledComponentId": "sc-bdVaJa",
          "target": "div",
          "toString": [Function],
          "warnTooManyClasses": [Function],
          "withComponent": [Function],
        }
      }
      forwardedRef={null}
    >
      <div
        className="sc-bdVaJa jixqaJ"
      >
        <styled.div>
          <StyledComponent
            forwardedComponent={
              Object {
                "$$typeof": Symbol(react.forward_ref),
                "attrs": Array [],
                "componentStyle": ComponentStyle {
                  "componentId": "sc-bwzfXH",
                  "isStatic": false,
                  "lastClassName": "mNJvu",
                  "rules": Array [
                    "
  margin-right: 8px;
  display: flex;
",
                  ],
                },
                "foldedComponentIds": Array [],
                "render": [Function],
                "styledComponentId": "sc-bwzfXH",
                "target": "div",
                "toString": [Function],
                "warnTooManyClasses": [Function],
                "withComponent": [Function],
              }
            }
            forwardedRef={null}
          >
            <div
              className="sc-bwzfXH mNJvu"
            />
          </StyledComponent>
        </styled.div>
      </div>
    </StyledComponent>
  </styled.div>
</Userpics>
`;
